Last login: Thu Jul 28 12:37:27 on ttys000
Michaels-MacBook-Pro-4:~ Myang$ cd basic_repo
-bash: cd: basic_repo: No such file or directory
Michaels-MacBook-Pro-4:~ Myang$ cd desktop
Michaels-MacBook-Pro-4:desktop Myang$ ls
$RECYCLE.BIN		Git			Thumbs.db
Dojo_Arena		New Folder With Items	basic_repo
Michaels-MacBook-Pro-4:desktop Myang$ cd basic_repo
Michaels-MacBook-Pro-4:basic_repo Myang$ git init
Initialized empty Git repository in /Users/Myang/Desktop/basic_repo/.git/
Michaels-MacBook-Pro-4:basic_repo Myang$ git add .
Michaels-MacBook-Pro-4:basic_repo Myang$ git status
On branch master

Initial commit

Changes to be committed:
  (use "git rm --cached <file>..." to unstage)

	new file:   basic.css
	new file:   basic.html
	new file:   basic.txt

Michaels-MacBook-Pro-4:basic_repo Myang$ git commit -am "committing all files"
[master (root-commit) 549e087] committing all files
 3 files changed, 0 insertions(+), 0 deletions(-)
 create mode 100644 basic.css
 create mode 100644 basic.html
 create mode 100644 basic.txt
Michaels-MacBook-Pro-4:basic_repo Myang$ git remote add origin https://github.com/michaelyang130/basic_repo.git
Michaels-MacBook-Pro-4:basic_repo Myang$ git push origin master
Counting objects: 3, done.
Delta compression using up to 4 threads.
Compressing objects: 100% (2/2), done.
Writing objects: 100% (3/3), 230 bytes | 0 bytes/s, done.
Total 3 (delta 0), reused 0 (delta 0)
To https://github.com/michaelyang130/basic_repo.git
 * [new branch]      master -> master
Michaels-MacBook-Pro-4:basic_repo Myang$ git checkout master
Already on 'master'
Michaels-MacBook-Pro-4:basic_repo Myang$ git status
On branch master
Changes not staged for commit:
  (use "git add <file>..." to update what will be committed)
  (use "git checkout -- <file>..." to discard changes in working directory)

	modified:   basic.css
	modified:   basic.html

no changes added to commit (use "git add" and/or "git commit -a")
Michaels-MacBook-Pro-4:basic_repo Myang$ git add .
Michaels-MacBook-Pro-4:basic_repo Myang$ git commit -am "add new changes"
[master d4b8b63] add new changes
 2 files changed, 10 insertions(+)
Michaels-MacBook-Pro-4:basic_repo Myang$ git remote add origin https://github.com/michaelyang130/basic_repo.git
fatal: remote origin already exists.
Michaels-MacBook-Pro-4:basic_repo Myang$ git push origin master
Counting objects: 4, done.
Delta compression using up to 4 threads.
Compressing objects: 100% (3/3), done.
Writing objects: 100% (4/4), 382 bytes | 0 bytes/s, done.
Total 4 (delta 0), reused 0 (delta 0)
To https://github.com/michaelyang130/basic_repo.git
   549e087..d4b8b63  master -> master
Michaels-MacBook-Pro-4:basic_repo Myang$ 